
   HANDE

 ================================================================
Version information
-------------------
Version       | v1.4-73-g33a6e3c
Commit hash   | 33a6e3c8f6c4fc172edfbb5346f7f46dc747c70d
Commit author | Fionn Malone
Commit date   | Thu May 7 08:08:23 2020 -0700
Branch        | master

Configuration and build information
-----------------------------------
Who compiled             | verena
Compilation hostname     | verena-Think
Operating system         | Linux-4.15.0-99-generic
CMake version            | 3.10.2
CMake generator          | Unix Makefiles
Build type               | release
Configuration time       | 2020-05-18 12:17:58 [UTC]
Python version           | 3.6.10
Fortran compiler         | /home/verena/local/bin/mpif90
C compiler               | /home/verena/local/bin/mpicc
DET_SIZE set to          | 32
POP_SIZE set to          | 64
dSFMT Mersenne exponent  | 19937
MPI parallelization      | ON
MPI launcher             | /home/verena/local/bin/mpiexec
OpenMP parallelization   | OFF
Lua version              | 5.3.5
HDF5 library version     | 1.10.2

Further components
------------------
DISABLE_HDF5 not defined.  HDF5 enabled.
DISABLE_LANCZOS defined.  Lanczos disabled.
DISABLE_UUID not defined.  UUID enabled.
PARALLEL defined.  MPI parallelization enabled.
DISABLE_SCALAPACK defined.  ScaLAPACK disabled.
SINGLE_PRECISION not defined.  Double precision used throughout.
USE_POPCNT not defined. Internal POPCNT procedure used.

Runtime information
-------------------
Hostname:
    verena-Think
Current working dir:
    /home/verena/code3/hande/tools/pyhande/tests/hande_files
Started running on 18/05/2020 at 14:40:54
 Calculation UUID: f53aa854-8c72-4beb-b248-96727708bd71.
 ================================================================

 Input options
 -------------

-- Note that these settings are just for testing...
sys = ueg {
    dim = 3,
    nel = 14,
    ms = 0,
    cutoff = 1,
}

fciqmc {
    sys = sys,
    qmc = {
        tau = 0.001,
        rng_seed = 1472,
        init_pop = 2,
        mc_cycles = 10,
        nreports = 2,
        target_population = 6000,
        state_size = 50000,
        spawned_state_size = 5000,
    },
    restart = {
        write = true,
    },
}

 -------------

 Basis functions
 ---------------

 Spin given in units of 1/2.
 k-points given in terms of the reciprocal lattice vectors of the crystal cell.

 index   k-point            ms       <i|h|i>
     1   (  0,  0,  0)      1        0.00000000E+00
     2   (  0,  0,  0)     -1        0.00000000E+00
     3   (  0,  0, -1)      1        1.30773168E+00
     4   (  0,  0, -1)     -1        1.30773168E+00
     5   (  0, -1,  0)      1        1.30773168E+00
     6   (  0, -1,  0)     -1        1.30773168E+00
     7   ( -1,  0,  0)      1        1.30773168E+00
     8   ( -1,  0,  0)     -1        1.30773168E+00
     9   (  1,  0,  0)      1        1.30773168E+00
    10   (  1,  0,  0)     -1        1.30773168E+00
    11   (  0,  1,  0)      1        1.30773168E+00
    12   (  0,  1,  0)     -1        1.30773168E+00
    13   (  0,  0,  1)      1        1.30773168E+00
    14   (  0,  0,  1)     -1        1.30773168E+00
    15   (  0, -1, -1)      1        2.61546336E+00
    16   (  0, -1, -1)     -1        2.61546336E+00
    17   ( -1,  0, -1)      1        2.61546336E+00
    18   ( -1,  0, -1)     -1        2.61546336E+00
    19   (  1,  0, -1)      1        2.61546336E+00
    20   (  1,  0, -1)     -1        2.61546336E+00
    21   (  0,  1, -1)      1        2.61546336E+00
    22   (  0,  1, -1)     -1        2.61546336E+00
    23   ( -1, -1,  0)      1        2.61546336E+00
    24   ( -1, -1,  0)     -1        2.61546336E+00
    25   (  1, -1,  0)      1        2.61546336E+00
    26   (  1, -1,  0)     -1        2.61546336E+00
    27   ( -1,  1,  0)      1        2.61546336E+00
    28   ( -1,  1,  0)     -1        2.61546336E+00
    29   (  1,  1,  0)      1        2.61546336E+00
    30   (  1,  1,  0)     -1        2.61546336E+00
    31   (  0, -1,  1)      1        2.61546336E+00
    32   (  0, -1,  1)     -1        2.61546336E+00
    33   ( -1,  0,  1)      1        2.61546336E+00
    34   ( -1,  0,  1)     -1        2.61546336E+00
    35   (  1,  0,  1)      1        2.61546336E+00
    36   (  1,  0,  1)     -1        2.61546336E+00
    37   (  0,  1,  1)      1        2.61546336E+00
    38   (  0,  1,  1)     -1        2.61546336E+00

 Number of electrons: 14
 Number of basis functions: 38

 Bit-length of integers used to store determinant bit-strings: 32
 Number of integers used to store determinant bit-strings: 2


 Reference determinant and so symmetry sector selected using the Aufbau principle.
 Selected symmetry  1.

 FCIQMC
 ------

 WARNING: renormalised excitation generators not implemented.
 WARNING: If this upsets you, please send patches.

 Memory allocated per core for main walker list (MB):      1.40
 Number of elements per core in main walker list: 50000
 Memory allocated per core for spawned walker lists (MB):      0.24
 Number of elements per core in spawned walker list: 5000

 # Starting the excitation generator initialisation.
 # Finishing the excitation generator initialisation, time taken:  9.3000009656E-05
 -- Start JSON block --
 {
     "system": {
         "nbasis": 38,   
         "nel": 14,   
         "nvirt": 24,   
         "Ms": 0,   
         "nalpha": 7,   
         "nbeta": 7,   
         "nvirt_alpha": 12,   
         "nvirt_beta": 12,   
         "nsym": 19,   
         "sym0": 1,   
         "sym_max": 19,   
         "nsym_tot": 19,   
         "sym0_tot": 1,   
         "sym_max_tot": 19,   
         "symmetry": 1,   
         "tot_sym": false,   
         "aufbau_sym": true,   
         "max_number_excitations": 14,   
         "ueg": {
             "r_s": 1.00000000,   
             "ecutoff": 1.00000000,   
             "k_fermi": 1.91915829,   
             "E_fermi": 1.84158428,   
             "ktwist": [0.00000000,0.00000000,0.00000000],
             "L": [3.88512994,3.88512994,3.88512994]
         }
     },
     "qmc": {
         "rng_seed": 1472,   
         "real_amplitudes": false,   
         "real_amplitude_force_32": false,   
         "spawn_cutoff": 0.01000000,   
         "excit_gen":  "renorm",   
         "pattempt_update": false,   
         "pattempt_zero_accum_data": false,   
         "pattempt_single": 0.00000000,   
         "pattempt_double": 1.00000000,   
         "pattempt_parallel": 0.00000000,   
         "tau": 0.00100000,   
         "tau_search": false,   
         "vary_shift_from": 0.00000000,   
         "vary_shift_from_proje": false,   
         "initial_shift": 0.00000000,   
         "shift_damping": 0.05000000,   
         "walker_length": 50000,   
         "spawned_walker_length": 5000,   
         "D0_population": 2.00000000,   
         "target_particles": 6000.00000000,   
         "target_reference": false,   
         "initiator_approx": false,   
         "initiator_pop": 3.00000000,   
         "ncycles": 10,   
         "nreport": 2,   
         "power_pitzer_min_weight": 0.01000000,   
         "quasi_newton": false,   
         "quasi_newton_threshold": 0.00000000,   
         "quasi_newton_value": 1.00000000,   
         "use_mpi_barriers": false    
     },
     "fciqmc": {
         "select_ref_det_every_nreports": 2147483647,   
         "init_spin_inv_D0": false,   
         "ref_det_factor": 1.50000000,   
         "non_blocking_comm": false,   
         "doing_load_balancing": false,   
         "trial_function":  "single_basis",   
         "guiding_function":  "none",   
         "quadrature_initiator": true,   
         "replica_tricks": false    
     },
     "semi_stoch": {
         "start_iter": 1,   
         "shift_iter": -1,   
         "space_type":  "none",   
         "target_size": 0,   
         "write_determ_space": false,   
         "projection_mode":  "separate",   
         "read_id": 2147483647,   
         "write_id": 2147483647,   
         "ci_space": {
             "ex_level": -1    
         }
     },
     "restart": {
         "read_restart": false,   
         "read_id": 2147483647,   
         "write_restart": true,   
         "write_id": 2147483647,   
         "write_freq": 2147483647,   
         "write_restart_shift": false,   
         "write_shift_id": 2147483647,   
         "restart_rng": true    
     },
     "blocking": {
         "blocking_on_the_fly": false,   
         "start_save_frequency": -1,   
         "start_point_number": -1,   
         "filename":  "BLOCKING",   
         "start_point": -1,   
         "error_limit": 0.00000000,   
         "blocks_used": 2147483647,   
         "min_blocks_used": 10,   
         "auto_shift_damping": false,   
         "shift_damping_precision": 2.00000000,   
         "force_shift_damping_opt": false    
     },
     "load balancing": {
         "nslots": 1,   
         "pop": 1000,   
         "percent": 0.05000000,   
         "max_attempts": 2,   
         "write_info": false    
     },
     "reference": {
         "det": [ 1, 2, 3, 4, 5, 6, 7, 8, 9, 10, 11, 12, 13, 14],
         "det_ms": 0,   
         "det_symmetry": 1,   
         "H00": 13.60355734,   
         "F0": 6.40225872,   
         "hilbert_space_det": [ 1, 2, 3, 4, 5, 6, 7, 8, 9, 10, 11, 12, 13, 14],
         "hilbert_space_det_ms": 0,   
         "hilbert_space_det_symmetry": 1,   
         "ex_level": 14    
     },
     "logging_in": {
         "calc": 0,   
         "calc_file":  "CALC",   
         "spawn": 0,   
         "spawn_file":  "SPAWN",   
         "death": 0,   
         "death_file":  "DEATH",   
         "start_iter": 0,   
         "end_iter": 9223372036854775807    
     },
     "logging": {
         "write_highlevel_values": false,   
         "calc_unit": 2147483647,   
         "write_successful_spawn": false,   
         "write_failed_spawn": false,   
         "spawn_unit": 2147483647,   
         "write_successful_death": false,   
         "write_failed_death": false,   
         "death_unit": 2147483647    
     }
 }
 -- End JSON block --

 Information printed out every QMC report loop:

 Shift: the energy offset calculated at the end of the report loop.
 H_0j: <D_0|H|D_j>, Hamiltonian matrix element.
 N_j: population of Hamiltonian particles on determinant D_j.
 # H psips: current total population of Hamiltonian particles.
 # states: number of many-particle states occupied.
 spawn_events: number of successful spawning events across all processors.
 R_spawn: average rate of spawning across all processors.
 time: average time per Monte Carlo cycle.

 Note that all particle populations are averaged over the report loop.

 #     iterations   Shift                 \sum H_0j N_j         N_0                   # H psips                  # states  # spawn_events   R_spawn    time    
 #              0   0.0000000000E+00      0.0000000000E+00      2.0000000000E+00      2.0000000000E+00                  1               0    0.0000    0.0000  
               10   0.0000000000E+00      0.0000000000E+00      2.0000000000E+00      2.0000000000E+00                  1               0    0.0000    0.0000  
               20   0.0000000000E+00     -3.2772122557E-02      2.0000000000E+00      3.0000000000E+00                  2               0    0.0250    0.0000  

 # Writing restart file to HANDE.RS.0.p0.H5.

 Timing breakdown
 ----------------

 Time for each calculation section (seconds):

 UEG initialisation: .00
 FCIQMC calculation: .00

 ================================================================
 Finished running on 18/05/2020 at 14:40:54
 Wall time (seconds):                           0.01
 CPU time (per processor, seconds):             0.01
 ================================================================

